// Jest Snapshot v1, https://goo.gl/fbAQLP

exports[`cardsMatched.js reducer initial state it matches the snapshot - default 1`] = `
Object {
  "cardsMatched": 0,
}
`;
