// Jest Snapshot v1, https://goo.gl/fbAQLP

exports[`lastCardSelected.js reducer initial state it matches the snapshot - default 1`] = `
Object {
  "index": null,
  "name": "",
}
`;
