// Jest Snapshot v1, https://goo.gl/fbAQLP

exports[`numberOfCards.js reducer initial state it matches the snapshot - default 1`] = `16`;
